// Jest Snapshot v1, https://goo.gl/fbAQLP

exports[`EditorEvent component should render Skeleton without 1`] = `
<Skeleton
  active={true}
  avatar={false}
  paragraph={true}
  title={true}
/>
`;

exports[`EditorEvent component should render form 1`] = `
<form
  className="form-editor"
  onSubmit={[Function]}
>
  <span
    className="title-value"
  >
    Change event
  </span>
  <span>
    Enter the margin, %
  </span>
  <input
    className="margin-value"
    name="margin"
    onChange={[Function]}
    type="number"
    value={5}
  />
  <span>
    Enter the date of event
  </span>
  <input
    className="start-data"
    name="startTime"
    onChange={[Function]}
    required={true}
    type="datetime-local"
    value="2022-05-24T04:55"
  />
  <input
    className="create-action"
    type="submit"
    value="Save event"
  />
</form>
`;
